ERROR: File `50.act', line 8, col 10
	Multiple device flavors?
